// Jest Snapshot v1, https://goo.gl/fbAQLP

exports[`getTokenPriceAtTimestamp should execute getTokenPriceAtTimestamp with specific parameters 1`] = `17.25638653634901`;

exports[`getTokenPriceAtTimestamp with native tokens should execute getTokenPriceAtTimestamp with BNB (null address) 1`] = `519.2047193295078`;

exports[`getTokenPriceAtTimestamp with native tokens should execute getTokenPriceAtTimestamp with ETH (null address) 1`] = `3733.329974102929`;

exports[`getTokenPriceAtTimestamp with native tokens should execute getTokenPriceAtTimestamp with XDAI (null address) 1`] = `1.0018535677750036`;
