// Jest Snapshot v1, https://goo.gl/fbAQLP

exports[`E2E API Tests Strategy execution validation should execute multiple strategies with different decimals 1`] = `
[
  1.0032581274541421,
  0.10032581274541422,
]
`;

exports[`E2E API Tests Strategy execution validation should execute single erc20-balance-of strategy 1`] = `
[
  17.25638653634901,
]
`;
